ERROR - 2025-02-06 07:48:25 --> mysqli_sql_exception: Column 'firstname' cannot be null in C:\xampp\htdocs\Wolfox\system\Database\MySQLi\Connection.php:312
Stack trace:
#0 C:\xampp\htdocs\Wolfox\system\Database\MySQLi\Connection.php(312): mysqli->query('INSERT INTO `ad...', 0)
#1 C:\xampp\htdocs\Wolfox\system\Database\BaseConnection.php(734): CodeIgniter\Database\MySQLi\Connection->execute('INSERT INTO `ad...')
#2 C:\xampp\htdocs\Wolfox\system\Database\BaseConnection.php(648): CodeIgniter\Database\BaseConnection->simpleQuery('INSERT INTO `ad...')
#3 C:\xampp\htdocs\Wolfox\system\Database\BaseBuilder.php(2340): CodeIgniter\Database\BaseConnection->query('INSERT INTO `ad...', Array, false)
#4 C:\xampp\htdocs\Wolfox\system\Model.php(394): CodeIgniter\Database\BaseBuilder->insert()
#5 C:\xampp\htdocs\Wolfox\system\BaseModel.php(840): CodeIgniter\Model->doInsert(Array)
#6 C:\xampp\htdocs\Wolfox\system\Model.php(802): CodeIgniter\BaseModel->insert(Array, true)
#7 C:\xampp\htdocs\Wolfox\app\Controllers\AdmissionMaster.php(78): CodeIgniter\Model->insert(Array)
#8 C:\xampp\htdocs\Wolfox\system\CodeIgniter.php(933): App\Controllers\AdmissionMaster->save()
#9 C:\xampp\htdocs\Wolfox\system\CodeIgniter.php(509): CodeIgniter\CodeIgniter->runController(Object(App\Controllers\AdmissionMaster))
#10 C:\xampp\htdocs\Wolfox\system\CodeIgniter.php(355): CodeIgniter\CodeIgniter->handleRequest(NULL, Object(Config\Cache), false)
#11 C:\xampp\htdocs\Wolfox\system\Boot.php(325): CodeIgniter\CodeIgniter->run()
#12 C:\xampp\htdocs\Wolfox\system\Boot.php(67): CodeIgniter\Boot::runCodeIgniter(Object(CodeIgniter\CodeIgniter))
#13 C:\xampp\htdocs\Wolfox\index.php(56): CodeIgniter\Boot::bootWeb(Object(Config\Paths))
#14 {main}
CRITICAL - 2025-02-06 07:48:26 --> CodeIgniter\Database\Exceptions\DatabaseException: Column 'firstname' cannot be null
[Method: POST, Route: Admin/Admission/Save]
in SYSTEMPATH\Database\BaseConnection.php on line 688.
 1 SYSTEMPATH\Database\BaseBuilder.php(2340): CodeIgniter\Database\BaseConnection->query('INSERT INTO `admission` (`firstname`, `middlename`, `lastname`, `email`, `phoneno`, `whatsappno`, `gender`, `dob`, `cstreet`, `ccity`, `cstate`, `cpincode`, `pstreet`, `pcity`, `pstate`, `ppincode`, `college`, `year`, `branch`, `course`, `duration`, `batchtime`, `joiningdate`, `otp`) VALUES (:firstname:, :middlename:, :lastname:, :email:, :phoneno:, :whatsappno:, :gender:, :dob:, :cstreet:, :ccity:, :cstate:, :cpincode:, :pstreet:, :pcity:, :pstate:, :ppincode:, :college:, :year:, :branch:, :course:, :duration:, :batchtime:, :joiningdate:, :otp:)', [...], false)
 2 SYSTEMPATH\Model.php(394): CodeIgniter\Database\BaseBuilder->insert()
 3 SYSTEMPATH\BaseModel.php(840): CodeIgniter\Model->doInsert([...])
 4 SYSTEMPATH\Model.php(802): CodeIgniter\BaseModel->insert([...], true)
 5 APPPATH\Controllers\AdmissionMaster.php(78): CodeIgniter\Model->insert([...])
 6 SYSTEMPATH\CodeIgniter.php(933): App\Controllers\AdmissionMaster->save()
 7 SYSTEMPATH\CodeIgniter.php(509): CodeIgniter\CodeIgniter->runController(Object(App\Controllers\AdmissionMaster))
 8 SYSTEMPATH\CodeIgniter.php(355): CodeIgniter\CodeIgniter->handleRequest(null, Object(Config\Cache), false)
 9 SYSTEMPATH\Boot.php(325): CodeIgniter\CodeIgniter->run()
10 SYSTEMPATH\Boot.php(67): CodeIgniter\Boot::runCodeIgniter(Object(CodeIgniter\CodeIgniter))
11 FCPATH\index.php(56): CodeIgniter\Boot::bootWeb(Object(Config\Paths))
CRITICAL - 2025-02-06 07:48:26 --> [Caused by] CodeIgniter\Database\Exceptions\DatabaseException: Column 'firstname' cannot be null
in SYSTEMPATH\Database\MySQLi\Connection.php on line 317.
 1 SYSTEMPATH\Database\BaseConnection.php(734): CodeIgniter\Database\MySQLi\Connection->execute('INSERT INTO `admission` (`firstname`, `middlename`, `lastname`, `email`, `phoneno`, `whatsappno`, `gender`, `dob`, `cstreet`, `ccity`, `cstate`, `cpincode`, `pstreet`, `pcity`, `pstate`, `ppincode`, `college`, `year`, `branch`, `course`, `duration`, `batchtime`, `joiningdate`, `otp`) VALUES (NULL, NULL, NULL, NULL, NULL, NULL, NULL, NULL, NULL, NULL, NULL, NULL, NULL, NULL, NULL, NULL, NULL, NULL, \'select option\', NULL, NULL, NULL, NULL, 227552)')
 2 SYSTEMPATH\Database\BaseConnection.php(648): CodeIgniter\Database\BaseConnection->simpleQuery('INSERT INTO `admission` (`firstname`, `middlename`, `lastname`, `email`, `phoneno`, `whatsappno`, `gender`, `dob`, `cstreet`, `ccity`, `cstate`, `cpincode`, `pstreet`, `pcity`, `pstate`, `ppincode`, `college`, `year`, `branch`, `course`, `duration`, `batchtime`, `joiningdate`, `otp`) VALUES (NULL, NULL, NULL, NULL, NULL, NULL, NULL, NULL, NULL, NULL, NULL, NULL, NULL, NULL, NULL, NULL, NULL, NULL, \'select option\', NULL, NULL, NULL, NULL, 227552)')
 3 SYSTEMPATH\Database\BaseBuilder.php(2340): CodeIgniter\Database\BaseConnection->query('INSERT INTO `admission` (`firstname`, `middlename`, `lastname`, `email`, `phoneno`, `whatsappno`, `gender`, `dob`, `cstreet`, `ccity`, `cstate`, `cpincode`, `pstreet`, `pcity`, `pstate`, `ppincode`, `college`, `year`, `branch`, `course`, `duration`, `batchtime`, `joiningdate`, `otp`) VALUES (:firstname:, :middlename:, :lastname:, :email:, :phoneno:, :whatsappno:, :gender:, :dob:, :cstreet:, :ccity:, :cstate:, :cpincode:, :pstreet:, :pcity:, :pstate:, :ppincode:, :college:, :year:, :branch:, :course:, :duration:, :batchtime:, :joiningdate:, :otp:)', [...], false)
 4 SYSTEMPATH\Model.php(394): CodeIgniter\Database\BaseBuilder->insert()
 5 SYSTEMPATH\BaseModel.php(840): CodeIgniter\Model->doInsert([...])
 6 SYSTEMPATH\Model.php(802): CodeIgniter\BaseModel->insert([...], true)
 7 APPPATH\Controllers\AdmissionMaster.php(78): CodeIgniter\Model->insert([...])
 8 SYSTEMPATH\CodeIgniter.php(933): App\Controllers\AdmissionMaster->save()
 9 SYSTEMPATH\CodeIgniter.php(509): CodeIgniter\CodeIgniter->runController(Object(App\Controllers\AdmissionMaster))
10 SYSTEMPATH\CodeIgniter.php(355): CodeIgniter\CodeIgniter->handleRequest(null, Object(Config\Cache), false)
11 SYSTEMPATH\Boot.php(325): CodeIgniter\CodeIgniter->run()
12 SYSTEMPATH\Boot.php(67): CodeIgniter\Boot::runCodeIgniter(Object(CodeIgniter\CodeIgniter))
13 FCPATH\index.php(56): CodeIgniter\Boot::bootWeb(Object(Config\Paths))
CRITICAL - 2025-02-06 07:48:26 --> [Caused by] mysqli_sql_exception: Column 'firstname' cannot be null
in SYSTEMPATH\Database\MySQLi\Connection.php on line 312.
 1 SYSTEMPATH\Database\MySQLi\Connection.php(312): mysqli->query('INSERT INTO `admission` (`firstname`, `middlename`, `lastname`, `email`, `phoneno`, `whatsappno`, `gender`, `dob`, `cstreet`, `ccity`, `cstate`, `cpincode`, `pstreet`, `pcity`, `pstate`, `ppincode`, `college`, `year`, `branch`, `course`, `duration`, `batchtime`, `joiningdate`, `otp`) VALUES (NULL, NULL, NULL, NULL, NULL, NULL, NULL, NULL, NULL, NULL, NULL, NULL, NULL, NULL, NULL, NULL, NULL, NULL, \'select option\', NULL, NULL, NULL, NULL, 227552)', 0)
 2 SYSTEMPATH\Database\BaseConnection.php(734): CodeIgniter\Database\MySQLi\Connection->execute('INSERT INTO `admission` (`firstname`, `middlename`, `lastname`, `email`, `phoneno`, `whatsappno`, `gender`, `dob`, `cstreet`, `ccity`, `cstate`, `cpincode`, `pstreet`, `pcity`, `pstate`, `ppincode`, `college`, `year`, `branch`, `course`, `duration`, `batchtime`, `joiningdate`, `otp`) VALUES (NULL, NULL, NULL, NULL, NULL, NULL, NULL, NULL, NULL, NULL, NULL, NULL, NULL, NULL, NULL, NULL, NULL, NULL, \'select option\', NULL, NULL, NULL, NULL, 227552)')
 3 SYSTEMPATH\Database\BaseConnection.php(648): CodeIgniter\Database\BaseConnection->simpleQuery('INSERT INTO `admission` (`firstname`, `middlename`, `lastname`, `email`, `phoneno`, `whatsappno`, `gender`, `dob`, `cstreet`, `ccity`, `cstate`, `cpincode`, `pstreet`, `pcity`, `pstate`, `ppincode`, `college`, `year`, `branch`, `course`, `duration`, `batchtime`, `joiningdate`, `otp`) VALUES (NULL, NULL, NULL, NULL, NULL, NULL, NULL, NULL, NULL, NULL, NULL, NULL, NULL, NULL, NULL, NULL, NULL, NULL, \'select option\', NULL, NULL, NULL, NULL, 227552)')
 4 SYSTEMPATH\Database\BaseBuilder.php(2340): CodeIgniter\Database\BaseConnection->query('INSERT INTO `admission` (`firstname`, `middlename`, `lastname`, `email`, `phoneno`, `whatsappno`, `gender`, `dob`, `cstreet`, `ccity`, `cstate`, `cpincode`, `pstreet`, `pcity`, `pstate`, `ppincode`, `college`, `year`, `branch`, `course`, `duration`, `batchtime`, `joiningdate`, `otp`) VALUES (:firstname:, :middlename:, :lastname:, :email:, :phoneno:, :whatsappno:, :gender:, :dob:, :cstreet:, :ccity:, :cstate:, :cpincode:, :pstreet:, :pcity:, :pstate:, :ppincode:, :college:, :year:, :branch:, :course:, :duration:, :batchtime:, :joiningdate:, :otp:)', [...], false)
 5 SYSTEMPATH\Model.php(394): CodeIgniter\Database\BaseBuilder->insert()
 6 SYSTEMPATH\BaseModel.php(840): CodeIgniter\Model->doInsert([...])
 7 SYSTEMPATH\Model.php(802): CodeIgniter\BaseModel->insert([...], true)
 8 APPPATH\Controllers\AdmissionMaster.php(78): CodeIgniter\Model->insert([...])
 9 SYSTEMPATH\CodeIgniter.php(933): App\Controllers\AdmissionMaster->save()
10 SYSTEMPATH\CodeIgniter.php(509): CodeIgniter\CodeIgniter->runController(Object(App\Controllers\AdmissionMaster))
11 SYSTEMPATH\CodeIgniter.php(355): CodeIgniter\CodeIgniter->handleRequest(null, Object(Config\Cache), false)
12 SYSTEMPATH\Boot.php(325): CodeIgniter\CodeIgniter->run()
13 SYSTEMPATH\Boot.php(67): CodeIgniter\Boot::runCodeIgniter(Object(CodeIgniter\CodeIgniter))
14 FCPATH\index.php(56): CodeIgniter\Boot::bootWeb(Object(Config\Paths))
ERROR - 2025-02-06 07:49:15 --> mysqli_sql_exception: Column 'firstname' cannot be null in C:\xampp\htdocs\Wolfox\system\Database\MySQLi\Connection.php:312
Stack trace:
#0 C:\xampp\htdocs\Wolfox\system\Database\MySQLi\Connection.php(312): mysqli->query('INSERT INTO `ad...', 0)
#1 C:\xampp\htdocs\Wolfox\system\Database\BaseConnection.php(734): CodeIgniter\Database\MySQLi\Connection->execute('INSERT INTO `ad...')
#2 C:\xampp\htdocs\Wolfox\system\Database\BaseConnection.php(648): CodeIgniter\Database\BaseConnection->simpleQuery('INSERT INTO `ad...')
#3 C:\xampp\htdocs\Wolfox\system\Database\BaseBuilder.php(2340): CodeIgniter\Database\BaseConnection->query('INSERT INTO `ad...', Array, false)
#4 C:\xampp\htdocs\Wolfox\system\Model.php(394): CodeIgniter\Database\BaseBuilder->insert()
#5 C:\xampp\htdocs\Wolfox\system\BaseModel.php(840): CodeIgniter\Model->doInsert(Array)
#6 C:\xampp\htdocs\Wolfox\system\Model.php(802): CodeIgniter\BaseModel->insert(Array, true)
#7 C:\xampp\htdocs\Wolfox\app\Controllers\AdmissionMaster.php(78): CodeIgniter\Model->insert(Array)
#8 C:\xampp\htdocs\Wolfox\system\CodeIgniter.php(933): App\Controllers\AdmissionMaster->save()
#9 C:\xampp\htdocs\Wolfox\system\CodeIgniter.php(509): CodeIgniter\CodeIgniter->runController(Object(App\Controllers\AdmissionMaster))
#10 C:\xampp\htdocs\Wolfox\system\CodeIgniter.php(355): CodeIgniter\CodeIgniter->handleRequest(NULL, Object(Config\Cache), false)
#11 C:\xampp\htdocs\Wolfox\system\Boot.php(325): CodeIgniter\CodeIgniter->run()
#12 C:\xampp\htdocs\Wolfox\system\Boot.php(67): CodeIgniter\Boot::runCodeIgniter(Object(CodeIgniter\CodeIgniter))
#13 C:\xampp\htdocs\Wolfox\index.php(56): CodeIgniter\Boot::bootWeb(Object(Config\Paths))
#14 {main}
CRITICAL - 2025-02-06 07:49:15 --> CodeIgniter\Database\Exceptions\DatabaseException: Column 'firstname' cannot be null
[Method: POST, Route: Admin/Admission/Save]
in SYSTEMPATH\Database\BaseConnection.php on line 688.
 1 SYSTEMPATH\Database\BaseBuilder.php(2340): CodeIgniter\Database\BaseConnection->query('INSERT INTO `admission` (`firstname`, `middlename`, `lastname`, `email`, `phoneno`, `whatsappno`, `gender`, `dob`, `cstreet`, `ccity`, `cstate`, `cpincode`, `pstreet`, `pcity`, `pstate`, `ppincode`, `college`, `year`, `branch`, `course`, `duration`, `batchtime`, `joiningdate`, `otp`) VALUES (:firstname:, :middlename:, :lastname:, :email:, :phoneno:, :whatsappno:, :gender:, :dob:, :cstreet:, :ccity:, :cstate:, :cpincode:, :pstreet:, :pcity:, :pstate:, :ppincode:, :college:, :year:, :branch:, :course:, :duration:, :batchtime:, :joiningdate:, :otp:)', [...], false)
 2 SYSTEMPATH\Model.php(394): CodeIgniter\Database\BaseBuilder->insert()
 3 SYSTEMPATH\BaseModel.php(840): CodeIgniter\Model->doInsert([...])
 4 SYSTEMPATH\Model.php(802): CodeIgniter\BaseModel->insert([...], true)
 5 APPPATH\Controllers\AdmissionMaster.php(78): CodeIgniter\Model->insert([...])
 6 SYSTEMPATH\CodeIgniter.php(933): App\Controllers\AdmissionMaster->save()
 7 SYSTEMPATH\CodeIgniter.php(509): CodeIgniter\CodeIgniter->runController(Object(App\Controllers\AdmissionMaster))
 8 SYSTEMPATH\CodeIgniter.php(355): CodeIgniter\CodeIgniter->handleRequest(null, Object(Config\Cache), false)
 9 SYSTEMPATH\Boot.php(325): CodeIgniter\CodeIgniter->run()
10 SYSTEMPATH\Boot.php(67): CodeIgniter\Boot::runCodeIgniter(Object(CodeIgniter\CodeIgniter))
11 FCPATH\index.php(56): CodeIgniter\Boot::bootWeb(Object(Config\Paths))
CRITICAL - 2025-02-06 07:49:15 --> [Caused by] CodeIgniter\Database\Exceptions\DatabaseException: Column 'firstname' cannot be null
in SYSTEMPATH\Database\MySQLi\Connection.php on line 317.
 1 SYSTEMPATH\Database\BaseConnection.php(734): CodeIgniter\Database\MySQLi\Connection->execute('INSERT INTO `admission` (`firstname`, `middlename`, `lastname`, `email`, `phoneno`, `whatsappno`, `gender`, `dob`, `cstreet`, `ccity`, `cstate`, `cpincode`, `pstreet`, `pcity`, `pstate`, `ppincode`, `college`, `year`, `branch`, `course`, `duration`, `batchtime`, `joiningdate`, `otp`) VALUES (NULL, NULL, NULL, NULL, NULL, NULL, NULL, NULL, NULL, NULL, NULL, NULL, NULL, NULL, NULL, NULL, NULL, NULL, \'select option\', NULL, NULL, NULL, NULL, 798375)')
 2 SYSTEMPATH\Database\BaseConnection.php(648): CodeIgniter\Database\BaseConnection->simpleQuery('INSERT INTO `admission` (`firstname`, `middlename`, `lastname`, `email`, `phoneno`, `whatsappno`, `gender`, `dob`, `cstreet`, `ccity`, `cstate`, `cpincode`, `pstreet`, `pcity`, `pstate`, `ppincode`, `college`, `year`, `branch`, `course`, `duration`, `batchtime`, `joiningdate`, `otp`) VALUES (NULL, NULL, NULL, NULL, NULL, NULL, NULL, NULL, NULL, NULL, NULL, NULL, NULL, NULL, NULL, NULL, NULL, NULL, \'select option\', NULL, NULL, NULL, NULL, 798375)')
 3 SYSTEMPATH\Database\BaseBuilder.php(2340): CodeIgniter\Database\BaseConnection->query('INSERT INTO `admission` (`firstname`, `middlename`, `lastname`, `email`, `phoneno`, `whatsappno`, `gender`, `dob`, `cstreet`, `ccity`, `cstate`, `cpincode`, `pstreet`, `pcity`, `pstate`, `ppincode`, `college`, `year`, `branch`, `course`, `duration`, `batchtime`, `joiningdate`, `otp`) VALUES (:firstname:, :middlename:, :lastname:, :email:, :phoneno:, :whatsappno:, :gender:, :dob:, :cstreet:, :ccity:, :cstate:, :cpincode:, :pstreet:, :pcity:, :pstate:, :ppincode:, :college:, :year:, :branch:, :course:, :duration:, :batchtime:, :joiningdate:, :otp:)', [...], false)
 4 SYSTEMPATH\Model.php(394): CodeIgniter\Database\BaseBuilder->insert()
 5 SYSTEMPATH\BaseModel.php(840): CodeIgniter\Model->doInsert([...])
 6 SYSTEMPATH\Model.php(802): CodeIgniter\BaseModel->insert([...], true)
 7 APPPATH\Controllers\AdmissionMaster.php(78): CodeIgniter\Model->insert([...])
 8 SYSTEMPATH\CodeIgniter.php(933): App\Controllers\AdmissionMaster->save()
 9 SYSTEMPATH\CodeIgniter.php(509): CodeIgniter\CodeIgniter->runController(Object(App\Controllers\AdmissionMaster))
10 SYSTEMPATH\CodeIgniter.php(355): CodeIgniter\CodeIgniter->handleRequest(null, Object(Config\Cache), false)
11 SYSTEMPATH\Boot.php(325): CodeIgniter\CodeIgniter->run()
12 SYSTEMPATH\Boot.php(67): CodeIgniter\Boot::runCodeIgniter(Object(CodeIgniter\CodeIgniter))
13 FCPATH\index.php(56): CodeIgniter\Boot::bootWeb(Object(Config\Paths))
CRITICAL - 2025-02-06 07:49:15 --> [Caused by] mysqli_sql_exception: Column 'firstname' cannot be null
in SYSTEMPATH\Database\MySQLi\Connection.php on line 312.
 1 SYSTEMPATH\Database\MySQLi\Connection.php(312): mysqli->query('INSERT INTO `admission` (`firstname`, `middlename`, `lastname`, `email`, `phoneno`, `whatsappno`, `gender`, `dob`, `cstreet`, `ccity`, `cstate`, `cpincode`, `pstreet`, `pcity`, `pstate`, `ppincode`, `college`, `year`, `branch`, `course`, `duration`, `batchtime`, `joiningdate`, `otp`) VALUES (NULL, NULL, NULL, NULL, NULL, NULL, NULL, NULL, NULL, NULL, NULL, NULL, NULL, NULL, NULL, NULL, NULL, NULL, \'select option\', NULL, NULL, NULL, NULL, 798375)', 0)
 2 SYSTEMPATH\Database\BaseConnection.php(734): CodeIgniter\Database\MySQLi\Connection->execute('INSERT INTO `admission` (`firstname`, `middlename`, `lastname`, `email`, `phoneno`, `whatsappno`, `gender`, `dob`, `cstreet`, `ccity`, `cstate`, `cpincode`, `pstreet`, `pcity`, `pstate`, `ppincode`, `college`, `year`, `branch`, `course`, `duration`, `batchtime`, `joiningdate`, `otp`) VALUES (NULL, NULL, NULL, NULL, NULL, NULL, NULL, NULL, NULL, NULL, NULL, NULL, NULL, NULL, NULL, NULL, NULL, NULL, \'select option\', NULL, NULL, NULL, NULL, 798375)')
 3 SYSTEMPATH\Database\BaseConnection.php(648): CodeIgniter\Database\BaseConnection->simpleQuery('INSERT INTO `admission` (`firstname`, `middlename`, `lastname`, `email`, `phoneno`, `whatsappno`, `gender`, `dob`, `cstreet`, `ccity`, `cstate`, `cpincode`, `pstreet`, `pcity`, `pstate`, `ppincode`, `college`, `year`, `branch`, `course`, `duration`, `batchtime`, `joiningdate`, `otp`) VALUES (NULL, NULL, NULL, NULL, NULL, NULL, NULL, NULL, NULL, NULL, NULL, NULL, NULL, NULL, NULL, NULL, NULL, NULL, \'select option\', NULL, NULL, NULL, NULL, 798375)')
 4 SYSTEMPATH\Database\BaseBuilder.php(2340): CodeIgniter\Database\BaseConnection->query('INSERT INTO `admission` (`firstname`, `middlename`, `lastname`, `email`, `phoneno`, `whatsappno`, `gender`, `dob`, `cstreet`, `ccity`, `cstate`, `cpincode`, `pstreet`, `pcity`, `pstate`, `ppincode`, `college`, `year`, `branch`, `course`, `duration`, `batchtime`, `joiningdate`, `otp`) VALUES (:firstname:, :middlename:, :lastname:, :email:, :phoneno:, :whatsappno:, :gender:, :dob:, :cstreet:, :ccity:, :cstate:, :cpincode:, :pstreet:, :pcity:, :pstate:, :ppincode:, :college:, :year:, :branch:, :course:, :duration:, :batchtime:, :joiningdate:, :otp:)', [...], false)
 5 SYSTEMPATH\Model.php(394): CodeIgniter\Database\BaseBuilder->insert()
 6 SYSTEMPATH\BaseModel.php(840): CodeIgniter\Model->doInsert([...])
 7 SYSTEMPATH\Model.php(802): CodeIgniter\BaseModel->insert([...], true)
 8 APPPATH\Controllers\AdmissionMaster.php(78): CodeIgniter\Model->insert([...])
 9 SYSTEMPATH\CodeIgniter.php(933): App\Controllers\AdmissionMaster->save()
10 SYSTEMPATH\CodeIgniter.php(509): CodeIgniter\CodeIgniter->runController(Object(App\Controllers\AdmissionMaster))
11 SYSTEMPATH\CodeIgniter.php(355): CodeIgniter\CodeIgniter->handleRequest(null, Object(Config\Cache), false)
12 SYSTEMPATH\Boot.php(325): CodeIgniter\CodeIgniter->run()
13 SYSTEMPATH\Boot.php(67): CodeIgniter\Boot::runCodeIgniter(Object(CodeIgniter\CodeIgniter))
14 FCPATH\index.php(56): CodeIgniter\Boot::bootWeb(Object(Config\Paths))
ERROR - 2025-02-06 07:51:06 --> mysqli_sql_exception: Column 'firstname' cannot be null in C:\xampp\htdocs\Wolfox\system\Database\MySQLi\Connection.php:312
Stack trace:
#0 C:\xampp\htdocs\Wolfox\system\Database\MySQLi\Connection.php(312): mysqli->query('INSERT INTO `ad...', 0)
#1 C:\xampp\htdocs\Wolfox\system\Database\BaseConnection.php(734): CodeIgniter\Database\MySQLi\Connection->execute('INSERT INTO `ad...')
#2 C:\xampp\htdocs\Wolfox\system\Database\BaseConnection.php(648): CodeIgniter\Database\BaseConnection->simpleQuery('INSERT INTO `ad...')
#3 C:\xampp\htdocs\Wolfox\system\Database\BaseBuilder.php(2340): CodeIgniter\Database\BaseConnection->query('INSERT INTO `ad...', Array, false)
#4 C:\xampp\htdocs\Wolfox\system\Model.php(394): CodeIgniter\Database\BaseBuilder->insert()
#5 C:\xampp\htdocs\Wolfox\system\BaseModel.php(840): CodeIgniter\Model->doInsert(Array)
#6 C:\xampp\htdocs\Wolfox\system\Model.php(802): CodeIgniter\BaseModel->insert(Array, true)
#7 C:\xampp\htdocs\Wolfox\app\Controllers\AdmissionMaster.php(78): CodeIgniter\Model->insert(Array)
#8 C:\xampp\htdocs\Wolfox\system\CodeIgniter.php(933): App\Controllers\AdmissionMaster->save()
#9 C:\xampp\htdocs\Wolfox\system\CodeIgniter.php(509): CodeIgniter\CodeIgniter->runController(Object(App\Controllers\AdmissionMaster))
#10 C:\xampp\htdocs\Wolfox\system\CodeIgniter.php(355): CodeIgniter\CodeIgniter->handleRequest(NULL, Object(Config\Cache), false)
#11 C:\xampp\htdocs\Wolfox\system\Boot.php(325): CodeIgniter\CodeIgniter->run()
#12 C:\xampp\htdocs\Wolfox\system\Boot.php(67): CodeIgniter\Boot::runCodeIgniter(Object(CodeIgniter\CodeIgniter))
#13 C:\xampp\htdocs\Wolfox\index.php(56): CodeIgniter\Boot::bootWeb(Object(Config\Paths))
#14 {main}
CRITICAL - 2025-02-06 07:51:06 --> CodeIgniter\Database\Exceptions\DatabaseException: Column 'firstname' cannot be null
[Method: POST, Route: Admin/Admission/Save]
in SYSTEMPATH\Database\BaseConnection.php on line 688.
 1 SYSTEMPATH\Database\BaseBuilder.php(2340): CodeIgniter\Database\BaseConnection->query('INSERT INTO `admission` (`firstname`, `middlename`, `lastname`, `email`, `phoneno`, `whatsappno`, `gender`, `dob`, `cstreet`, `ccity`, `cstate`, `cpincode`, `pstreet`, `pcity`, `pstate`, `ppincode`, `college`, `year`, `branch`, `course`, `duration`, `batchtime`, `joiningdate`, `otp`) VALUES (:firstname:, :middlename:, :lastname:, :email:, :phoneno:, :whatsappno:, :gender:, :dob:, :cstreet:, :ccity:, :cstate:, :cpincode:, :pstreet:, :pcity:, :pstate:, :ppincode:, :college:, :year:, :branch:, :course:, :duration:, :batchtime:, :joiningdate:, :otp:)', [...], false)
 2 SYSTEMPATH\Model.php(394): CodeIgniter\Database\BaseBuilder->insert()
 3 SYSTEMPATH\BaseModel.php(840): CodeIgniter\Model->doInsert([...])
 4 SYSTEMPATH\Model.php(802): CodeIgniter\BaseModel->insert([...], true)
 5 APPPATH\Controllers\AdmissionMaster.php(78): CodeIgniter\Model->insert([...])
 6 SYSTEMPATH\CodeIgniter.php(933): App\Controllers\AdmissionMaster->save()
 7 SYSTEMPATH\CodeIgniter.php(509): CodeIgniter\CodeIgniter->runController(Object(App\Controllers\AdmissionMaster))
 8 SYSTEMPATH\CodeIgniter.php(355): CodeIgniter\CodeIgniter->handleRequest(null, Object(Config\Cache), false)
 9 SYSTEMPATH\Boot.php(325): CodeIgniter\CodeIgniter->run()
10 SYSTEMPATH\Boot.php(67): CodeIgniter\Boot::runCodeIgniter(Object(CodeIgniter\CodeIgniter))
11 FCPATH\index.php(56): CodeIgniter\Boot::bootWeb(Object(Config\Paths))
CRITICAL - 2025-02-06 07:51:06 --> [Caused by] CodeIgniter\Database\Exceptions\DatabaseException: Column 'firstname' cannot be null
in SYSTEMPATH\Database\MySQLi\Connection.php on line 317.
 1 SYSTEMPATH\Database\BaseConnection.php(734): CodeIgniter\Database\MySQLi\Connection->execute('INSERT INTO `admission` (`firstname`, `middlename`, `lastname`, `email`, `phoneno`, `whatsappno`, `gender`, `dob`, `cstreet`, `ccity`, `cstate`, `cpincode`, `pstreet`, `pcity`, `pstate`, `ppincode`, `college`, `year`, `branch`, `course`, `duration`, `batchtime`, `joiningdate`, `otp`) VALUES (NULL, NULL, NULL, NULL, NULL, NULL, NULL, NULL, NULL, NULL, NULL, NULL, NULL, NULL, NULL, NULL, NULL, NULL, \'select option\', NULL, NULL, NULL, NULL, 712218)')
 2 SYSTEMPATH\Database\BaseConnection.php(648): CodeIgniter\Database\BaseConnection->simpleQuery('INSERT INTO `admission` (`firstname`, `middlename`, `lastname`, `email`, `phoneno`, `whatsappno`, `gender`, `dob`, `cstreet`, `ccity`, `cstate`, `cpincode`, `pstreet`, `pcity`, `pstate`, `ppincode`, `college`, `year`, `branch`, `course`, `duration`, `batchtime`, `joiningdate`, `otp`) VALUES (NULL, NULL, NULL, NULL, NULL, NULL, NULL, NULL, NULL, NULL, NULL, NULL, NULL, NULL, NULL, NULL, NULL, NULL, \'select option\', NULL, NULL, NULL, NULL, 712218)')
 3 SYSTEMPATH\Database\BaseBuilder.php(2340): CodeIgniter\Database\BaseConnection->query('INSERT INTO `admission` (`firstname`, `middlename`, `lastname`, `email`, `phoneno`, `whatsappno`, `gender`, `dob`, `cstreet`, `ccity`, `cstate`, `cpincode`, `pstreet`, `pcity`, `pstate`, `ppincode`, `college`, `year`, `branch`, `course`, `duration`, `batchtime`, `joiningdate`, `otp`) VALUES (:firstname:, :middlename:, :lastname:, :email:, :phoneno:, :whatsappno:, :gender:, :dob:, :cstreet:, :ccity:, :cstate:, :cpincode:, :pstreet:, :pcity:, :pstate:, :ppincode:, :college:, :year:, :branch:, :course:, :duration:, :batchtime:, :joiningdate:, :otp:)', [...], false)
 4 SYSTEMPATH\Model.php(394): CodeIgniter\Database\BaseBuilder->insert()
 5 SYSTEMPATH\BaseModel.php(840): CodeIgniter\Model->doInsert([...])
 6 SYSTEMPATH\Model.php(802): CodeIgniter\BaseModel->insert([...], true)
 7 APPPATH\Controllers\AdmissionMaster.php(78): CodeIgniter\Model->insert([...])
 8 SYSTEMPATH\CodeIgniter.php(933): App\Controllers\AdmissionMaster->save()
 9 SYSTEMPATH\CodeIgniter.php(509): CodeIgniter\CodeIgniter->runController(Object(App\Controllers\AdmissionMaster))
10 SYSTEMPATH\CodeIgniter.php(355): CodeIgniter\CodeIgniter->handleRequest(null, Object(Config\Cache), false)
11 SYSTEMPATH\Boot.php(325): CodeIgniter\CodeIgniter->run()
12 SYSTEMPATH\Boot.php(67): CodeIgniter\Boot::runCodeIgniter(Object(CodeIgniter\CodeIgniter))
13 FCPATH\index.php(56): CodeIgniter\Boot::bootWeb(Object(Config\Paths))
CRITICAL - 2025-02-06 07:51:06 --> [Caused by] mysqli_sql_exception: Column 'firstname' cannot be null
in SYSTEMPATH\Database\MySQLi\Connection.php on line 312.
 1 SYSTEMPATH\Database\MySQLi\Connection.php(312): mysqli->query('INSERT INTO `admission` (`firstname`, `middlename`, `lastname`, `email`, `phoneno`, `whatsappno`, `gender`, `dob`, `cstreet`, `ccity`, `cstate`, `cpincode`, `pstreet`, `pcity`, `pstate`, `ppincode`, `college`, `year`, `branch`, `course`, `duration`, `batchtime`, `joiningdate`, `otp`) VALUES (NULL, NULL, NULL, NULL, NULL, NULL, NULL, NULL, NULL, NULL, NULL, NULL, NULL, NULL, NULL, NULL, NULL, NULL, \'select option\', NULL, NULL, NULL, NULL, 712218)', 0)
 2 SYSTEMPATH\Database\BaseConnection.php(734): CodeIgniter\Database\MySQLi\Connection->execute('INSERT INTO `admission` (`firstname`, `middlename`, `lastname`, `email`, `phoneno`, `whatsappno`, `gender`, `dob`, `cstreet`, `ccity`, `cstate`, `cpincode`, `pstreet`, `pcity`, `pstate`, `ppincode`, `college`, `year`, `branch`, `course`, `duration`, `batchtime`, `joiningdate`, `otp`) VALUES (NULL, NULL, NULL, NULL, NULL, NULL, NULL, NULL, NULL, NULL, NULL, NULL, NULL, NULL, NULL, NULL, NULL, NULL, \'select option\', NULL, NULL, NULL, NULL, 712218)')
 3 SYSTEMPATH\Database\BaseConnection.php(648): CodeIgniter\Database\BaseConnection->simpleQuery('INSERT INTO `admission` (`firstname`, `middlename`, `lastname`, `email`, `phoneno`, `whatsappno`, `gender`, `dob`, `cstreet`, `ccity`, `cstate`, `cpincode`, `pstreet`, `pcity`, `pstate`, `ppincode`, `college`, `year`, `branch`, `course`, `duration`, `batchtime`, `joiningdate`, `otp`) VALUES (NULL, NULL, NULL, NULL, NULL, NULL, NULL, NULL, NULL, NULL, NULL, NULL, NULL, NULL, NULL, NULL, NULL, NULL, \'select option\', NULL, NULL, NULL, NULL, 712218)')
 4 SYSTEMPATH\Database\BaseBuilder.php(2340): CodeIgniter\Database\BaseConnection->query('INSERT INTO `admission` (`firstname`, `middlename`, `lastname`, `email`, `phoneno`, `whatsappno`, `gender`, `dob`, `cstreet`, `ccity`, `cstate`, `cpincode`, `pstreet`, `pcity`, `pstate`, `ppincode`, `college`, `year`, `branch`, `course`, `duration`, `batchtime`, `joiningdate`, `otp`) VALUES (:firstname:, :middlename:, :lastname:, :email:, :phoneno:, :whatsappno:, :gender:, :dob:, :cstreet:, :ccity:, :cstate:, :cpincode:, :pstreet:, :pcity:, :pstate:, :ppincode:, :college:, :year:, :branch:, :course:, :duration:, :batchtime:, :joiningdate:, :otp:)', [...], false)
 5 SYSTEMPATH\Model.php(394): CodeIgniter\Database\BaseBuilder->insert()
 6 SYSTEMPATH\BaseModel.php(840): CodeIgniter\Model->doInsert([...])
 7 SYSTEMPATH\Model.php(802): CodeIgniter\BaseModel->insert([...], true)
 8 APPPATH\Controllers\AdmissionMaster.php(78): CodeIgniter\Model->insert([...])
 9 SYSTEMPATH\CodeIgniter.php(933): App\Controllers\AdmissionMaster->save()
10 SYSTEMPATH\CodeIgniter.php(509): CodeIgniter\CodeIgniter->runController(Object(App\Controllers\AdmissionMaster))
11 SYSTEMPATH\CodeIgniter.php(355): CodeIgniter\CodeIgniter->handleRequest(null, Object(Config\Cache), false)
12 SYSTEMPATH\Boot.php(325): CodeIgniter\CodeIgniter->run()
13 SYSTEMPATH\Boot.php(67): CodeIgniter\Boot::runCodeIgniter(Object(CodeIgniter\CodeIgniter))
14 FCPATH\index.php(56): CodeIgniter\Boot::bootWeb(Object(Config\Paths))
ERROR - 2025-02-06 07:51:30 --> mysqli_sql_exception: Column 'firstname' cannot be null in C:\xampp\htdocs\Wolfox\system\Database\MySQLi\Connection.php:312
Stack trace:
#0 C:\xampp\htdocs\Wolfox\system\Database\MySQLi\Connection.php(312): mysqli->query('INSERT INTO `ad...', 0)
#1 C:\xampp\htdocs\Wolfox\system\Database\BaseConnection.php(734): CodeIgniter\Database\MySQLi\Connection->execute('INSERT INTO `ad...')
#2 C:\xampp\htdocs\Wolfox\system\Database\BaseConnection.php(648): CodeIgniter\Database\BaseConnection->simpleQuery('INSERT INTO `ad...')
#3 C:\xampp\htdocs\Wolfox\system\Database\BaseBuilder.php(2340): CodeIgniter\Database\BaseConnection->query('INSERT INTO `ad...', Array, false)
#4 C:\xampp\htdocs\Wolfox\system\Model.php(394): CodeIgniter\Database\BaseBuilder->insert()
#5 C:\xampp\htdocs\Wolfox\system\BaseModel.php(840): CodeIgniter\Model->doInsert(Array)
#6 C:\xampp\htdocs\Wolfox\system\Model.php(802): CodeIgniter\BaseModel->insert(Array, true)
#7 C:\xampp\htdocs\Wolfox\app\Controllers\AdmissionMaster.php(78): CodeIgniter\Model->insert(Array)
#8 C:\xampp\htdocs\Wolfox\system\CodeIgniter.php(933): App\Controllers\AdmissionMaster->save()
#9 C:\xampp\htdocs\Wolfox\system\CodeIgniter.php(509): CodeIgniter\CodeIgniter->runController(Object(App\Controllers\AdmissionMaster))
#10 C:\xampp\htdocs\Wolfox\system\CodeIgniter.php(355): CodeIgniter\CodeIgniter->handleRequest(NULL, Object(Config\Cache), false)
#11 C:\xampp\htdocs\Wolfox\system\Boot.php(325): CodeIgniter\CodeIgniter->run()
#12 C:\xampp\htdocs\Wolfox\system\Boot.php(67): CodeIgniter\Boot::runCodeIgniter(Object(CodeIgniter\CodeIgniter))
#13 C:\xampp\htdocs\Wolfox\index.php(56): CodeIgniter\Boot::bootWeb(Object(Config\Paths))
#14 {main}
CRITICAL - 2025-02-06 07:51:30 --> CodeIgniter\Database\Exceptions\DatabaseException: Column 'firstname' cannot be null
[Method: POST, Route: Admin/Admission/Save]
in SYSTEMPATH\Database\BaseConnection.php on line 688.
 1 SYSTEMPATH\Database\BaseBuilder.php(2340): CodeIgniter\Database\BaseConnection->query('INSERT INTO `admission` (`firstname`, `middlename`, `lastname`, `email`, `phoneno`, `whatsappno`, `gender`, `dob`, `cstreet`, `ccity`, `cstate`, `cpincode`, `pstreet`, `pcity`, `pstate`, `ppincode`, `college`, `year`, `branch`, `course`, `duration`, `batchtime`, `joiningdate`, `otp`) VALUES (:firstname:, :middlename:, :lastname:, :email:, :phoneno:, :whatsappno:, :gender:, :dob:, :cstreet:, :ccity:, :cstate:, :cpincode:, :pstreet:, :pcity:, :pstate:, :ppincode:, :college:, :year:, :branch:, :course:, :duration:, :batchtime:, :joiningdate:, :otp:)', [...], false)
 2 SYSTEMPATH\Model.php(394): CodeIgniter\Database\BaseBuilder->insert()
 3 SYSTEMPATH\BaseModel.php(840): CodeIgniter\Model->doInsert([...])
 4 SYSTEMPATH\Model.php(802): CodeIgniter\BaseModel->insert([...], true)
 5 APPPATH\Controllers\AdmissionMaster.php(78): CodeIgniter\Model->insert([...])
 6 SYSTEMPATH\CodeIgniter.php(933): App\Controllers\AdmissionMaster->save()
 7 SYSTEMPATH\CodeIgniter.php(509): CodeIgniter\CodeIgniter->runController(Object(App\Controllers\AdmissionMaster))
 8 SYSTEMPATH\CodeIgniter.php(355): CodeIgniter\CodeIgniter->handleRequest(null, Object(Config\Cache), false)
 9 SYSTEMPATH\Boot.php(325): CodeIgniter\CodeIgniter->run()
10 SYSTEMPATH\Boot.php(67): CodeIgniter\Boot::runCodeIgniter(Object(CodeIgniter\CodeIgniter))
11 FCPATH\index.php(56): CodeIgniter\Boot::bootWeb(Object(Config\Paths))
CRITICAL - 2025-02-06 07:51:30 --> [Caused by] CodeIgniter\Database\Exceptions\DatabaseException: Column 'firstname' cannot be null
in SYSTEMPATH\Database\MySQLi\Connection.php on line 317.
 1 SYSTEMPATH\Database\BaseConnection.php(734): CodeIgniter\Database\MySQLi\Connection->execute('INSERT INTO `admission` (`firstname`, `middlename`, `lastname`, `email`, `phoneno`, `whatsappno`, `gender`, `dob`, `cstreet`, `ccity`, `cstate`, `cpincode`, `pstreet`, `pcity`, `pstate`, `ppincode`, `college`, `year`, `branch`, `course`, `duration`, `batchtime`, `joiningdate`, `otp`) VALUES (NULL, NULL, NULL, NULL, NULL, NULL, NULL, NULL, NULL, NULL, NULL, NULL, NULL, NULL, NULL, NULL, NULL, NULL, \'select option\', NULL, NULL, NULL, NULL, 243628)')
 2 SYSTEMPATH\Database\BaseConnection.php(648): CodeIgniter\Database\BaseConnection->simpleQuery('INSERT INTO `admission` (`firstname`, `middlename`, `lastname`, `email`, `phoneno`, `whatsappno`, `gender`, `dob`, `cstreet`, `ccity`, `cstate`, `cpincode`, `pstreet`, `pcity`, `pstate`, `ppincode`, `college`, `year`, `branch`, `course`, `duration`, `batchtime`, `joiningdate`, `otp`) VALUES (NULL, NULL, NULL, NULL, NULL, NULL, NULL, NULL, NULL, NULL, NULL, NULL, NULL, NULL, NULL, NULL, NULL, NULL, \'select option\', NULL, NULL, NULL, NULL, 243628)')
 3 SYSTEMPATH\Database\BaseBuilder.php(2340): CodeIgniter\Database\BaseConnection->query('INSERT INTO `admission` (`firstname`, `middlename`, `lastname`, `email`, `phoneno`, `whatsappno`, `gender`, `dob`, `cstreet`, `ccity`, `cstate`, `cpincode`, `pstreet`, `pcity`, `pstate`, `ppincode`, `college`, `year`, `branch`, `course`, `duration`, `batchtime`, `joiningdate`, `otp`) VALUES (:firstname:, :middlename:, :lastname:, :email:, :phoneno:, :whatsappno:, :gender:, :dob:, :cstreet:, :ccity:, :cstate:, :cpincode:, :pstreet:, :pcity:, :pstate:, :ppincode:, :college:, :year:, :branch:, :course:, :duration:, :batchtime:, :joiningdate:, :otp:)', [...], false)
 4 SYSTEMPATH\Model.php(394): CodeIgniter\Database\BaseBuilder->insert()
 5 SYSTEMPATH\BaseModel.php(840): CodeIgniter\Model->doInsert([...])
 6 SYSTEMPATH\Model.php(802): CodeIgniter\BaseModel->insert([...], true)
 7 APPPATH\Controllers\AdmissionMaster.php(78): CodeIgniter\Model->insert([...])
 8 SYSTEMPATH\CodeIgniter.php(933): App\Controllers\AdmissionMaster->save()
 9 SYSTEMPATH\CodeIgniter.php(509): CodeIgniter\CodeIgniter->runController(Object(App\Controllers\AdmissionMaster))
10 SYSTEMPATH\CodeIgniter.php(355): CodeIgniter\CodeIgniter->handleRequest(null, Object(Config\Cache), false)
11 SYSTEMPATH\Boot.php(325): CodeIgniter\CodeIgniter->run()
12 SYSTEMPATH\Boot.php(67): CodeIgniter\Boot::runCodeIgniter(Object(CodeIgniter\CodeIgniter))
13 FCPATH\index.php(56): CodeIgniter\Boot::bootWeb(Object(Config\Paths))
CRITICAL - 2025-02-06 07:51:30 --> [Caused by] mysqli_sql_exception: Column 'firstname' cannot be null
in SYSTEMPATH\Database\MySQLi\Connection.php on line 312.
 1 SYSTEMPATH\Database\MySQLi\Connection.php(312): mysqli->query('INSERT INTO `admission` (`firstname`, `middlename`, `lastname`, `email`, `phoneno`, `whatsappno`, `gender`, `dob`, `cstreet`, `ccity`, `cstate`, `cpincode`, `pstreet`, `pcity`, `pstate`, `ppincode`, `college`, `year`, `branch`, `course`, `duration`, `batchtime`, `joiningdate`, `otp`) VALUES (NULL, NULL, NULL, NULL, NULL, NULL, NULL, NULL, NULL, NULL, NULL, NULL, NULL, NULL, NULL, NULL, NULL, NULL, \'select option\', NULL, NULL, NULL, NULL, 243628)', 0)
 2 SYSTEMPATH\Database\BaseConnection.php(734): CodeIgniter\Database\MySQLi\Connection->execute('INSERT INTO `admission` (`firstname`, `middlename`, `lastname`, `email`, `phoneno`, `whatsappno`, `gender`, `dob`, `cstreet`, `ccity`, `cstate`, `cpincode`, `pstreet`, `pcity`, `pstate`, `ppincode`, `college`, `year`, `branch`, `course`, `duration`, `batchtime`, `joiningdate`, `otp`) VALUES (NULL, NULL, NULL, NULL, NULL, NULL, NULL, NULL, NULL, NULL, NULL, NULL, NULL, NULL, NULL, NULL, NULL, NULL, \'select option\', NULL, NULL, NULL, NULL, 243628)')
 3 SYSTEMPATH\Database\BaseConnection.php(648): CodeIgniter\Database\BaseConnection->simpleQuery('INSERT INTO `admission` (`firstname`, `middlename`, `lastname`, `email`, `phoneno`, `whatsappno`, `gender`, `dob`, `cstreet`, `ccity`, `cstate`, `cpincode`, `pstreet`, `pcity`, `pstate`, `ppincode`, `college`, `year`, `branch`, `course`, `duration`, `batchtime`, `joiningdate`, `otp`) VALUES (NULL, NULL, NULL, NULL, NULL, NULL, NULL, NULL, NULL, NULL, NULL, NULL, NULL, NULL, NULL, NULL, NULL, NULL, \'select option\', NULL, NULL, NULL, NULL, 243628)')
 4 SYSTEMPATH\Database\BaseBuilder.php(2340): CodeIgniter\Database\BaseConnection->query('INSERT INTO `admission` (`firstname`, `middlename`, `lastname`, `email`, `phoneno`, `whatsappno`, `gender`, `dob`, `cstreet`, `ccity`, `cstate`, `cpincode`, `pstreet`, `pcity`, `pstate`, `ppincode`, `college`, `year`, `branch`, `course`, `duration`, `batchtime`, `joiningdate`, `otp`) VALUES (:firstname:, :middlename:, :lastname:, :email:, :phoneno:, :whatsappno:, :gender:, :dob:, :cstreet:, :ccity:, :cstate:, :cpincode:, :pstreet:, :pcity:, :pstate:, :ppincode:, :college:, :year:, :branch:, :course:, :duration:, :batchtime:, :joiningdate:, :otp:)', [...], false)
 5 SYSTEMPATH\Model.php(394): CodeIgniter\Database\BaseBuilder->insert()
 6 SYSTEMPATH\BaseModel.php(840): CodeIgniter\Model->doInsert([...])
 7 SYSTEMPATH\Model.php(802): CodeIgniter\BaseModel->insert([...], true)
 8 APPPATH\Controllers\AdmissionMaster.php(78): CodeIgniter\Model->insert([...])
 9 SYSTEMPATH\CodeIgniter.php(933): App\Controllers\AdmissionMaster->save()
10 SYSTEMPATH\CodeIgniter.php(509): CodeIgniter\CodeIgniter->runController(Object(App\Controllers\AdmissionMaster))
11 SYSTEMPATH\CodeIgniter.php(355): CodeIgniter\CodeIgniter->handleRequest(null, Object(Config\Cache), false)
12 SYSTEMPATH\Boot.php(325): CodeIgniter\CodeIgniter->run()
13 SYSTEMPATH\Boot.php(67): CodeIgniter\Boot::runCodeIgniter(Object(CodeIgniter\CodeIgniter))
14 FCPATH\index.php(56): CodeIgniter\Boot::bootWeb(Object(Config\Paths))
ERROR - 2025-02-06 07:53:10 --> mysqli_sql_exception: Column 'whatsappno' cannot be null in C:\xampp\htdocs\Wolfox\system\Database\MySQLi\Connection.php:312
Stack trace:
#0 C:\xampp\htdocs\Wolfox\system\Database\MySQLi\Connection.php(312): mysqli->query('INSERT INTO `ad...', 0)
#1 C:\xampp\htdocs\Wolfox\system\Database\BaseConnection.php(734): CodeIgniter\Database\MySQLi\Connection->execute('INSERT INTO `ad...')
#2 C:\xampp\htdocs\Wolfox\system\Database\BaseConnection.php(648): CodeIgniter\Database\BaseConnection->simpleQuery('INSERT INTO `ad...')
#3 C:\xampp\htdocs\Wolfox\system\Database\BaseBuilder.php(2340): CodeIgniter\Database\BaseConnection->query('INSERT INTO `ad...', Array, false)
#4 C:\xampp\htdocs\Wolfox\system\Model.php(394): CodeIgniter\Database\BaseBuilder->insert()
#5 C:\xampp\htdocs\Wolfox\system\BaseModel.php(840): CodeIgniter\Model->doInsert(Array)
#6 C:\xampp\htdocs\Wolfox\system\Model.php(802): CodeIgniter\BaseModel->insert(Array, true)
#7 C:\xampp\htdocs\Wolfox\app\Controllers\AdmissionMaster.php(78): CodeIgniter\Model->insert(Array)
#8 C:\xampp\htdocs\Wolfox\system\CodeIgniter.php(933): App\Controllers\AdmissionMaster->save()
#9 C:\xampp\htdocs\Wolfox\system\CodeIgniter.php(509): CodeIgniter\CodeIgniter->runController(Object(App\Controllers\AdmissionMaster))
#10 C:\xampp\htdocs\Wolfox\system\CodeIgniter.php(355): CodeIgniter\CodeIgniter->handleRequest(NULL, Object(Config\Cache), false)
#11 C:\xampp\htdocs\Wolfox\system\Boot.php(325): CodeIgniter\CodeIgniter->run()
#12 C:\xampp\htdocs\Wolfox\system\Boot.php(67): CodeIgniter\Boot::runCodeIgniter(Object(CodeIgniter\CodeIgniter))
#13 C:\xampp\htdocs\Wolfox\index.php(56): CodeIgniter\Boot::bootWeb(Object(Config\Paths))
#14 {main}
CRITICAL - 2025-02-06 07:53:10 --> CodeIgniter\Database\Exceptions\DatabaseException: Column 'whatsappno' cannot be null
[Method: POST, Route: Admin/Admission/Save]
in SYSTEMPATH\Database\BaseConnection.php on line 688.
 1 SYSTEMPATH\Database\BaseBuilder.php(2340): CodeIgniter\Database\BaseConnection->query('INSERT INTO `admission` (`firstname`, `middlename`, `lastname`, `email`, `phoneno`, `whatsappno`, `gender`, `dob`, `cstreet`, `ccity`, `cstate`, `cpincode`, `pstreet`, `pcity`, `pstate`, `ppincode`, `college`, `year`, `branch`, `course`, `duration`, `batchtime`, `joiningdate`, `otp`) VALUES (:firstname:, :middlename:, :lastname:, :email:, :phoneno:, :whatsappno:, :gender:, :dob:, :cstreet:, :ccity:, :cstate:, :cpincode:, :pstreet:, :pcity:, :pstate:, :ppincode:, :college:, :year:, :branch:, :course:, :duration:, :batchtime:, :joiningdate:, :otp:)', [...], false)
 2 SYSTEMPATH\Model.php(394): CodeIgniter\Database\BaseBuilder->insert()
 3 SYSTEMPATH\BaseModel.php(840): CodeIgniter\Model->doInsert([...])
 4 SYSTEMPATH\Model.php(802): CodeIgniter\BaseModel->insert([...], true)
 5 APPPATH\Controllers\AdmissionMaster.php(78): CodeIgniter\Model->insert([...])
 6 SYSTEMPATH\CodeIgniter.php(933): App\Controllers\AdmissionMaster->save()
 7 SYSTEMPATH\CodeIgniter.php(509): CodeIgniter\CodeIgniter->runController(Object(App\Controllers\AdmissionMaster))
 8 SYSTEMPATH\CodeIgniter.php(355): CodeIgniter\CodeIgniter->handleRequest(null, Object(Config\Cache), false)
 9 SYSTEMPATH\Boot.php(325): CodeIgniter\CodeIgniter->run()
10 SYSTEMPATH\Boot.php(67): CodeIgniter\Boot::runCodeIgniter(Object(CodeIgniter\CodeIgniter))
11 FCPATH\index.php(56): CodeIgniter\Boot::bootWeb(Object(Config\Paths))
CRITICAL - 2025-02-06 07:53:10 --> [Caused by] CodeIgniter\Database\Exceptions\DatabaseException: Column 'whatsappno' cannot be null
in SYSTEMPATH\Database\MySQLi\Connection.php on line 317.
 1 SYSTEMPATH\Database\BaseConnection.php(734): CodeIgniter\Database\MySQLi\Connection->execute('INSERT INTO `admission` (`firstname`, `middlename`, `lastname`, `email`, `phoneno`, `whatsappno`, `gender`, `dob`, `cstreet`, `ccity`, `cstate`, `cpincode`, `pstreet`, `pcity`, `pstate`, `ppincode`, `college`, `year`, `branch`, `course`, `duration`, `batchtime`, `joiningdate`, `otp`) VALUES (NULL, NULL, NULL, NULL, NULL, NULL, NULL, NULL, NULL, NULL, NULL, NULL, NULL, NULL, NULL, NULL, NULL, NULL, \'select option\', NULL, NULL, NULL, NULL, 925249)')
 2 SYSTEMPATH\Database\BaseConnection.php(648): CodeIgniter\Database\BaseConnection->simpleQuery('INSERT INTO `admission` (`firstname`, `middlename`, `lastname`, `email`, `phoneno`, `whatsappno`, `gender`, `dob`, `cstreet`, `ccity`, `cstate`, `cpincode`, `pstreet`, `pcity`, `pstate`, `ppincode`, `college`, `year`, `branch`, `course`, `duration`, `batchtime`, `joiningdate`, `otp`) VALUES (NULL, NULL, NULL, NULL, NULL, NULL, NULL, NULL, NULL, NULL, NULL, NULL, NULL, NULL, NULL, NULL, NULL, NULL, \'select option\', NULL, NULL, NULL, NULL, 925249)')
 3 SYSTEMPATH\Database\BaseBuilder.php(2340): CodeIgniter\Database\BaseConnection->query('INSERT INTO `admission` (`firstname`, `middlename`, `lastname`, `email`, `phoneno`, `whatsappno`, `gender`, `dob`, `cstreet`, `ccity`, `cstate`, `cpincode`, `pstreet`, `pcity`, `pstate`, `ppincode`, `college`, `year`, `branch`, `course`, `duration`, `batchtime`, `joiningdate`, `otp`) VALUES (:firstname:, :middlename:, :lastname:, :email:, :phoneno:, :whatsappno:, :gender:, :dob:, :cstreet:, :ccity:, :cstate:, :cpincode:, :pstreet:, :pcity:, :pstate:, :ppincode:, :college:, :year:, :branch:, :course:, :duration:, :batchtime:, :joiningdate:, :otp:)', [...], false)
 4 SYSTEMPATH\Model.php(394): CodeIgniter\Database\BaseBuilder->insert()
 5 SYSTEMPATH\BaseModel.php(840): CodeIgniter\Model->doInsert([...])
 6 SYSTEMPATH\Model.php(802): CodeIgniter\BaseModel->insert([...], true)
 7 APPPATH\Controllers\AdmissionMaster.php(78): CodeIgniter\Model->insert([...])
 8 SYSTEMPATH\CodeIgniter.php(933): App\Controllers\AdmissionMaster->save()
 9 SYSTEMPATH\CodeIgniter.php(509): CodeIgniter\CodeIgniter->runController(Object(App\Controllers\AdmissionMaster))
10 SYSTEMPATH\CodeIgniter.php(355): CodeIgniter\CodeIgniter->handleRequest(null, Object(Config\Cache), false)
11 SYSTEMPATH\Boot.php(325): CodeIgniter\CodeIgniter->run()
12 SYSTEMPATH\Boot.php(67): CodeIgniter\Boot::runCodeIgniter(Object(CodeIgniter\CodeIgniter))
13 FCPATH\index.php(56): CodeIgniter\Boot::bootWeb(Object(Config\Paths))
CRITICAL - 2025-02-06 07:53:10 --> [Caused by] mysqli_sql_exception: Column 'whatsappno' cannot be null
in SYSTEMPATH\Database\MySQLi\Connection.php on line 312.
 1 SYSTEMPATH\Database\MySQLi\Connection.php(312): mysqli->query('INSERT INTO `admission` (`firstname`, `middlename`, `lastname`, `email`, `phoneno`, `whatsappno`, `gender`, `dob`, `cstreet`, `ccity`, `cstate`, `cpincode`, `pstreet`, `pcity`, `pstate`, `ppincode`, `college`, `year`, `branch`, `course`, `duration`, `batchtime`, `joiningdate`, `otp`) VALUES (NULL, NULL, NULL, NULL, NULL, NULL, NULL, NULL, NULL, NULL, NULL, NULL, NULL, NULL, NULL, NULL, NULL, NULL, \'select option\', NULL, NULL, NULL, NULL, 925249)', 0)
 2 SYSTEMPATH\Database\BaseConnection.php(734): CodeIgniter\Database\MySQLi\Connection->execute('INSERT INTO `admission` (`firstname`, `middlename`, `lastname`, `email`, `phoneno`, `whatsappno`, `gender`, `dob`, `cstreet`, `ccity`, `cstate`, `cpincode`, `pstreet`, `pcity`, `pstate`, `ppincode`, `college`, `year`, `branch`, `course`, `duration`, `batchtime`, `joiningdate`, `otp`) VALUES (NULL, NULL, NULL, NULL, NULL, NULL, NULL, NULL, NULL, NULL, NULL, NULL, NULL, NULL, NULL, NULL, NULL, NULL, \'select option\', NULL, NULL, NULL, NULL, 925249)')
 3 SYSTEMPATH\Database\BaseConnection.php(648): CodeIgniter\Database\BaseConnection->simpleQuery('INSERT INTO `admission` (`firstname`, `middlename`, `lastname`, `email`, `phoneno`, `whatsappno`, `gender`, `dob`, `cstreet`, `ccity`, `cstate`, `cpincode`, `pstreet`, `pcity`, `pstate`, `ppincode`, `college`, `year`, `branch`, `course`, `duration`, `batchtime`, `joiningdate`, `otp`) VALUES (NULL, NULL, NULL, NULL, NULL, NULL, NULL, NULL, NULL, NULL, NULL, NULL, NULL, NULL, NULL, NULL, NULL, NULL, \'select option\', NULL, NULL, NULL, NULL, 925249)')
 4 SYSTEMPATH\Database\BaseBuilder.php(2340): CodeIgniter\Database\BaseConnection->query('INSERT INTO `admission` (`firstname`, `middlename`, `lastname`, `email`, `phoneno`, `whatsappno`, `gender`, `dob`, `cstreet`, `ccity`, `cstate`, `cpincode`, `pstreet`, `pcity`, `pstate`, `ppincode`, `college`, `year`, `branch`, `course`, `duration`, `batchtime`, `joiningdate`, `otp`) VALUES (:firstname:, :middlename:, :lastname:, :email:, :phoneno:, :whatsappno:, :gender:, :dob:, :cstreet:, :ccity:, :cstate:, :cpincode:, :pstreet:, :pcity:, :pstate:, :ppincode:, :college:, :year:, :branch:, :course:, :duration:, :batchtime:, :joiningdate:, :otp:)', [...], false)
 5 SYSTEMPATH\Model.php(394): CodeIgniter\Database\BaseBuilder->insert()
 6 SYSTEMPATH\BaseModel.php(840): CodeIgniter\Model->doInsert([...])
 7 SYSTEMPATH\Model.php(802): CodeIgniter\BaseModel->insert([...], true)
 8 APPPATH\Controllers\AdmissionMaster.php(78): CodeIgniter\Model->insert([...])
 9 SYSTEMPATH\CodeIgniter.php(933): App\Controllers\AdmissionMaster->save()
10 SYSTEMPATH\CodeIgniter.php(509): CodeIgniter\CodeIgniter->runController(Object(App\Controllers\AdmissionMaster))
11 SYSTEMPATH\CodeIgniter.php(355): CodeIgniter\CodeIgniter->handleRequest(null, Object(Config\Cache), false)
12 SYSTEMPATH\Boot.php(325): CodeIgniter\CodeIgniter->run()
13 SYSTEMPATH\Boot.php(67): CodeIgniter\Boot::runCodeIgniter(Object(CodeIgniter\CodeIgniter))
14 FCPATH\index.php(56): CodeIgniter\Boot::bootWeb(Object(Config\Paths))
CRITICAL - 2025-02-06 08:42:08 --> ErrorException: Undefined variable $data
[Method: POST, Route: Admin/Admission/Save]
in APPPATH\Controllers\AdmissionMaster.php on line 161.
 1 APPPATH\Controllers\AdmissionMaster.php(161): CodeIgniter\Debug\Exceptions->errorHandler(2, 'Undefined variable $data', 'C:\\xampp\\htdocs\\Wolfox\\app\\Controllers\\AdmissionMaster.php', 161)
 2 SYSTEMPATH\CodeIgniter.php(933): App\Controllers\AdmissionMaster->save()
 3 SYSTEMPATH\CodeIgniter.php(509): CodeIgniter\CodeIgniter->runController(Object(App\Controllers\AdmissionMaster))
 4 SYSTEMPATH\CodeIgniter.php(355): CodeIgniter\CodeIgniter->handleRequest(null, Object(Config\Cache), false)
 5 SYSTEMPATH\Boot.php(325): CodeIgniter\CodeIgniter->run()
 6 SYSTEMPATH\Boot.php(67): CodeIgniter\Boot::runCodeIgniter(Object(CodeIgniter\CodeIgniter))
 7 FCPATH\index.php(56): CodeIgniter\Boot::bootWeb(Object(Config\Paths))
CRITICAL - 2025-02-06 11:55:35 --> ErrorException: Undefined array key "FullName"
[Method: GET, Route: Admin/CallInquiry/List]
in APPPATH\Views\Admin\CallInquiry\list.php on line 64.
 1 APPPATH\Views\Admin\CallInquiry\list.php(64): CodeIgniter\Debug\Exceptions->errorHandler(2, 'Undefined array key "FullName"', 'C:\\xampp\\htdocs\\Wolfox\\app\\Views\\Admin\\CallInquiry\\list.php', 64)
 2 SYSTEMPATH\View\View.php(234): include('C:\\xampp\\htdocs\\Wolfox\\app\\Views\\Admin\\CallInquiry\\list.php')
 3 SYSTEMPATH\View\View.php(237): CodeIgniter\View\View->CodeIgniter\View\{closure}()
 4 SYSTEMPATH\Common.php(1171): CodeIgniter\View\View->render('/Admin/CallInquiry/list', [], true)
 5 APPPATH\Controllers\CallInquiryMaster.php(58): view('/Admin/CallInquiry/list', [...])
 6 SYSTEMPATH\CodeIgniter.php(933): App\Controllers\CallInquiryMaster->list()
 7 SYSTEMPATH\CodeIgniter.php(509): CodeIgniter\CodeIgniter->runController(Object(App\Controllers\CallInquiryMaster))
 8 SYSTEMPATH\CodeIgniter.php(355): CodeIgniter\CodeIgniter->handleRequest(null, Object(Config\Cache), false)
 9 SYSTEMPATH\Boot.php(325): CodeIgniter\CodeIgniter->run()
10 SYSTEMPATH\Boot.php(67): CodeIgniter\Boot::runCodeIgniter(Object(CodeIgniter\CodeIgniter))
11 FCPATH\index.php(56): CodeIgniter\Boot::bootWeb(Object(Config\Paths))
CRITICAL - 2025-02-06 12:19:19 --> CodeIgniter\Database\Exceptions\DataException: There is no data to update.
[Method: POST, Route: Admin/Inquiry/save]
in SYSTEMPATH\BaseModel.php on line 1011.
 1 SYSTEMPATH\BaseModel.php(1011): CodeIgniter\Database\Exceptions\DataException::forEmptyDataset('update')
 2 SYSTEMPATH\Model.php(865): CodeIgniter\BaseModel->update([...], [])
 3 APPPATH\Controllers\InquiryMaster.php(73): CodeIgniter\Model->update('1', [...])
 4 SYSTEMPATH\CodeIgniter.php(933): App\Controllers\InquiryMaster->save()
 5 SYSTEMPATH\CodeIgniter.php(509): CodeIgniter\CodeIgniter->runController(Object(App\Controllers\InquiryMaster))
 6 SYSTEMPATH\CodeIgniter.php(355): CodeIgniter\CodeIgniter->handleRequest(null, Object(Config\Cache), false)
 7 SYSTEMPATH\Boot.php(325): CodeIgniter\CodeIgniter->run()
 8 SYSTEMPATH\Boot.php(67): CodeIgniter\Boot::runCodeIgniter(Object(CodeIgniter\CodeIgniter))
 9 FCPATH\index.php(56): CodeIgniter\Boot::bootWeb(Object(Config\Paths))
